// Jest Snapshot v1, https://goo.gl/fbAQLP

exports[`Flightboard RoomFilter renders correctly 1`] = `
<li>
  <a
    className="current-filter"
    href="#"
  >
    Locations
  </a>
  <ul
    className="menu fb__child-dropdown"
  >
    <li
      id="roomlist-all"
      onClick={[Function]}
    >
      All Conference Rooms
    </li>
    <p>
      Loading ...
    </p>
  </ul>
</li>
`;
